
ERROR al compilar.
    0 Advertencia(s)
    0 Errores

Tiempo transcurrido 00:00:02.09
